bj
xcy
0
003
0531
0612
0614
08elec
09
090325
0906
09back
09gro
0a32f
0fficeupdate
0x557
0xgg
1
100fanwen
10kjd
111
1119
119
12
1212
1213
123
126
128
17f
198
19sal
1j
1ondon2012
1z
2
2007cins
201
2010
2010cyhk
2012-london
2012yearleft
20jordan
20new13
2fr
3
324
3366
3389pi
360
369
3gg
3gs
3m
3pma
3q
44d
4p
4rf9kiwr2
502
51hongling
56opsd2
5uf
6
6009
6gs
6k1
6k2
6r
723
7230
77
789
798
7zbiz
888
889
901
902
903
9119008
93jedp23
9999992003
9999992009
9999992011
9999992012
9ijhh45
a
a-ad
a-af
a-bne
a-cl
a-co
a-dl
a-ep
a-ex
a-fj
a-ga
a-gon
a-he
a-if
a-iho
a-ip
a-ja
a-jsm
a-ne
a-ol
a-pep
a-rdr
a-ri
a-uac
a-un
a-za
a-zx
a17
aa
aaa
aaa090bbb
aaaregonline
aaee
aaradmin
abc
abc69696969
abcd111103
abcd120226
abcd120719
abcmail
abcom
able
about
abs
access
accid
account
accounts
accountsgooglemail
acer
acess
aci
acj
acl
acountday
acro
acrobat
actionmc
activate
active
activelectronics
activetalk
ad
ad-fantasy
ad31
adb
add
add-on-update
addon-updates
addonupdate
address
adele
adgjlm
adman
admin
administrator
admins
adobe
adobe-update
adobe-upgrade
adobeafter
adobeflash-players
adobekr
adobesoftwareupdates
adobesupdate
adobesvr
adobeupdate
adomhn
ads
adsense
adsoft
adsupdate
adtkl
adtr
adv
advancedtool
advnotifier
aei
aeipfgfg
aero
aerospace
af
afbjz
afp
africa
africadb
agency125
agfi
agfire
agl
agma
ago
ags
agv-us
ahjhlk
ahmed9909
ahn
ahn03
ahn04
ahn05
ahn06
ahn07
ahnclient
ahnlab
ahnsd
ahnsdsy
aiai
aids
aiic
ailsa
ainfosec
aio
aion
air
airbus
airforce
airline
airmax-2013
airshow
airy
ais
ajaxcode
ajga
ak47
alal
alarm
alcan
alex
alexsanwomi
alexyama
ali
all
alldownloads
allnewsnet
allroot443
allroot446
allroot80
allshell
allstar
alr3ady
alreadytrue
alsia
also
alt
alta
alternate009
alumni
alupka
alyac
am
ama
amanda
amang
amaxgrp
amaze
amazing
amazombuy
amazon
americams
american
ameronglobal
amne
amos
amp
anakin129
analysis
anfoundation
angle
angleegg
anglo
anhei
aniu
anoniemvolmacht
anonserver
anonymous916
anonymousgermany
anti
anti-virus
antisvr
antivir
antivirtusbar
antivirup
antivirus
aobama
aol
aolserver
aotuo
ap
apa
apanku
apc
ape
apec
apejack
apekl
aphis
apkhome
apllo
aplyuibyahooapis
apnic
app
appinmen
apple
apple-com
apple12
appledns
applehost
applehostpoint
applejp
applelib120102
appletree
appleupdatecontrol
approach
apps
appserver
appsourse
appupdate
apss
aptalk
aquahot
ar
arbraresearch
architectisusa
ardo
areospace
ares
arf
argentinia
ari
arianespaces
arinc
armi
armordesigns
army
ars
arsenal
arsenal2
artical
article
as
asc
ascn
asd
asean
aseansec
asia
asia-economy
asis
asiv
askdrsears
askhome
asm
asp
aspn
assistant
asta
astone
asus
at
at453d
atc
atch
atexchug
ati
atk
atlas
atm
atmdzxgs
atomic
att
attoo1s
attwirelessnetwork
au
aurora-aero
ausa
auto
automotivewww
autopartsexpress
autopartsxml
autoseaman317
autowid
autowidge
autuo
av
ava
avadmin
avail
avast
avastupdate
avatarfanclub
avg
avg-us
avginternet
avira
aviraupdate
avl
away
awdc
axs
ayagent
ayfd
ayuisyahooapis
b
b1
b3fk
ba
babebobobone
baby
babybabygo
babybed
babyface
babysblessing
bacguarp
back
backg
backgm
backnec
backofficepower
backp
backto
backup
badlogictech
badnews
badnewsa
badnewsb
badnewsc
badnewsd
bae
baesystems
bagel
bagpacktravelling
bailiwick
baity
bak
baker
bakerhughes
balatarin
balattarin
balliwick
band
bangca
bangzi
bar
barackobama
barity
barry
barrybaker
base
basic
bate
battle
battleadmin
bauer
bav
bb
bbb
bbc
bbc-news
bbcmail
bbcnewes
bbconlines
bbcworld-news
bbee1
bbmnghn
bbs
bbsfu
bbw
bbzmail
bca
bcbtheory
bcc
bccmail
bcguard
bcproxy
bda
bdgs
bdxw
beauty
bech
bee
beelbg
beeltts
bei
beifen
beijingspring
bel
bella
bellamy
bellbuttons
bells-of-ireland
benevolentf
benzwitich
bester
bestgameone
bestgamethree
bestgametwo
bet
bethda
beyond198964
bf
bfym2
bg
bgt
bgtld
bh
bhbt
bhi
bhr-text123
bibest
bibi
big-america
bigbird
bigbra
bigbus
bigbuspool
bigdick
bigland
bigmeech69
bigtree
bike
bikefanclub
bilateral
billjohn
binary
bind
bing
bingassist
bingo
bio
bitcomet
bits
bjdarkddos
bk
bkav
bl
blabla4m
black
blackberry
blackjohn
blackleaf
blacksmith
blank
blankorder
blanky
blg
blog
blog2
blog2010
blogger
blogme
blogs
blogweb
blr
bluebird-restaurant
bluecreams
blueskyhere
bluesnow
blzhosts
bm
bm2
bmc
bmcmail
bmm
bmnew
bndy
bo
boat
bodmanlaw
bodyshowworld
boer
bojovegod
bomuls
bone
book
bookhand
booking
books
boot
bor
borcanos
botanict
botemail
bots
bourbon
boy
boy1
boy2
boy3
boy4
boy5
bphb
bqp
brandsons
braninfall
broad
broadband-hinet
bs
bsb
bsrat
bss
bswt
bsys
bt
btw
bubble
buffet
bugiend
built
bulksearch
bullet
bupasi
business
busytradeus
butitistrun
buy
buyer
buynewes
buytheworld
bvc
bw
bwd
by
by13
bybf
bygoogle
bygs
byid
byshell
c
c0mpany4u
c6c6
ca
caaid
cabcardinc
cablecomsolutions
cach
cache
cadfait
cafe
cai
cainformations
cald
calendar-space
call
calling4you
callofdutytdm3
calmrealm
camberinfo
canary
cao
caoliu
caomima
capcomfund
caps
capstone
capstonetrubine
capstoneturbine
captainsabertooth
car
card
care
careerchallenges
cargillnotice
carter
carzymask1
cascais
casey
casinoaffiliatepartners
casoccerclub
caspi-oilgas
castle
cat
cata
catie
catlovers25u
catt
caybloomearge
cb85
cbc
cbean
cbgs
cbs-video
cc
ccair
ccbard
ccc
cccam
ccdd1
ccqf
ccsukl
cdc
cdc-dept
cdcd
cdd
cdic
cdind
cdn
cdn1
ce
ce1
ce2
cecon
ceip
celtro
center
central
centralasia
cersrce
ces
cetv
cev
cfr
cg
cga
cgate
cgi
cgishell
cgy
cha
championpicture
chamus
channel
chaoba
charles-river
chaser
chat
checalla
check
checkerror
checkout
checkspeed
checkthisout
cheetah4u
chefcookte
chelsea
chemring-us
chen
chengxu
cherry
chiccounty
chick
chicken2011
child
chiquita-brands
chkpoint
chks
chq
christmas
chrome
chroniclesupport
chs
cht
chtdnsx
cia
cisco
cisco-database
cisco-inc
cisco001100
cisconline
ciscoserver
citrix
city
cj
cjames
cjinternet
cla
clamerword
class
classic
classnk
clauthose
clever
client
clientform
clienttreasury
climate
cliupdate
cloudone-opsource
cloudtechresearch
cloudy
club
cmart
cmd
cmdnetview
cmegroups
cmf
cmoa
cmp
cmxgrp
cn
cn2
cnd
cnn
cnote
co
coastnews
cobham
cobham-us
cobrapub
cockinside
coco
code
coderprojcet
codetesters
coffee
coffeeibus
cok
cokhi
col
collegememory
color
colustom2
com
coma
comb
comc
come
comehappy
comehelloworld
comeinshop
comfile
cominspiring
comm
comme
comment
committee
commonsense
communities-life
compa
company
compare
compasshelp
competitveedge
compfile
compu
computer
computers
comtech
comuni
con
conec
conference
config
confirme
conmisd
conn
connect
connected
connectproxy
connectsexy
consilium
consumeoy
contact
contactus
content
continuelogs
control
cooke
cool
coolhostingwebspace
coolsel
cooper
cooperjm
cooprise
cop
copy-machine
copyday
corepiper
corn
corp
corpus
count
cov
covclient
cow
cowboy
cp
cpear
cpnet
cpt
cpu
cpxrdtw
cr2p
cr3ator01
crab
craigstravelling
creditcard
crespo
cresy
crl
cronous
crowcatcher
crs
crsky
crumb
crvhostia
cryptoanalysis
cryptomerelease
crystalrepo
cs
csc
csfm
csicohelp
csis
cspkl
csr
css
csupp
ct
ctcb
ctcn
ctest
ctfk
cti
ctisk
ctisun
ctr
ctrl
ctx
ctx-na
cubbh
cultivr
culture
cultureacess
cultureinteraction
cums
current
currentnewsstore
cuv
cvn201102
cvnxus
cwe
cws
cxks
cy
cyca
cyhk
cyhk2008
cymdbd
cyt
d
d1
d2
d2ch
d2tp
d3
dad
dae4
dai
daily
dailymilitaryonline
dailymotion
dailyonline
daitou
dalikhammar
dance
dandan
danpos
dap
dark
dark132
darkrat5267
data
database
datacentrecd
datameta
datblizzard
date
dating
daub
daum
davidcar
davidcat
davidson
days
db
dbm
dbo
dcp
dcs
dd
dd521
ddd
ddfs
ddns
ddnsinfo
ddobagi
ddownload
ddss
ddyy
de
de-de
dean8090
deb
debian
debug
decipherment
deco
dedydns
deepcyber009
deepcyber2
def
default
defenceandsecurity
defense
defenselink
defensenewscast
delivery
dell
delphi
delphixiao
deltaairlines
deltadegger
demi
demossgroup
denismoble
depart
depingus
desk
df
dfg
dfgwerzc
dfnr6md
dfpasd
dgfk
dgrat
dhbbeahfdfb
dhcp
dhcp1
dhcp2
dhcpserver
dhy
diana
diasu
dig
diggfunny
digitalapp
digitalglobe
digitalupdate
digitooldeals
dimblogger
ding
dinostrike
dip
dir
direct
disaster
disk
ditor
divinepower
dj
djct
djones
dl0
dlgg
dlkl
dll
dlo
dmkoy
dmzone
dnd
dnf
dnke
dnn
dns
dns-login-security
dns-lookup
dns002
dns01
dns03
dns0778
dns0801
dns1
dns2
dns2mil
dns3
dnscache
dnsdns1
dnsdns2
dnsdns3
dnsdns4
dnsdns5
dnsdns6
dnsinfo
dnspoddwg
dnsport
dnsserver
dnssys
dnstrans
dnswithip
dnsxox
do
doc
doc-files
docin123
docs
docu
document
documents
dod
dodm
doe
doekl
dofus
doguy
doi
dol
domain
doman
domcon
donation
done
donload
donotdelete
doraemon
dosendit
dot
doubleman
dove
dowjonese
dowjs
down
down1
down2
downdossiersup
downfilesup
downlload
downloa
downloaad
download
downloadd
downloads
downlooad
downmicrisoft
downnload
downoad
downtimesupport
downupdate
dpflxcv
dpmail
dport
dppserver
dra
drag2008
dragonleave
drb
drc
dream
dreamlifes
drf
drinkwater
drizl
drknet
drs
drweb
dsagor
dsh
dst
dswriter
dt001
dt1
dt11
dtcmil
dtfx03
dtl
dtl6
dtzsh01
dtzsh4
dtzsh5
dtzsh6
dtzsh7
duba
dubbiewubbie
dugh
duke-energy
dushu
dustinbrown
dusting
dvn
dwnload
dx
dy
dydj
dyn
dyn2dns
dyn3dns
dyn612
dyna
dynam
dynamic
dyncojinf
dyndns
dynetic
dynetics
dyns
dynsbluecheck
dz
dzsp
e
ea
eadssupport
eaglesey
earth
earthl1nk
easternwind
easy
easyfindjoy
easyhost-ing
easymapquest
eatbeef
eb
ebaumsworld
ebooks
echapp
ecil
ecli-mxcdb
ecnet
ecnomic
ecoen
economic
ecp
edailychina
edc
eddcds34
edge-suite
edit
editer
edmo
edsplan
edu
edyang
ee
eeaa
eee
effort
eggfut
egypt
egypttv
eie
eight
eisidd
el
elca
elec
elem
elledu
els
email
emailcrypt
emailgov
emailsec
eminam
ems
en
enable
enby-1
enc
ender
energy
enetebookstore
engage
enghelp
england
enhs
enjoy
enjoyholidays
enlighten-energy
enom
enss
ent
entanglement
enteraiment
entertainment
entnews
entrebusiness
enty
enue
enum
envirbudsman
envisionman
eonceo
epi
epic
epicbot07
eplaybar
equiv
ericcounter
erights
ertoer
es
escan
esnucleus
espressoday
esri
essmnavy
est
et
etl
etnew
etrustalive
eu
eudns
eup
euro
europa
europaresearch
european
euser
eustock
eutelsat
events
ever
evilsoul
evitalcare
ewms
excel
exchange
exec2
exilehouse
exp0day
expand
explan
explorer
expo2010
eya
eye
ezservicecenter
ezyvalue
f
f-mi
f1
f1f
f4ck
face
faceboak
faceboktw
facebook
facebookupdate32
faces
faceslooks
faceto
fact
factiva
faculty
family
faq
faqs
fas2t
fasa
fashiongossip
fast
fast2
fastt
fasttrackagent
fasusda
fat
father
fbacoustics
fbi
fbi-ccci
fbi-hsc
fbi_ccci
fbiharry
fbkc
fbo-gov
fbooks
fburwell
fc
fci
fder
fdj
fdko
fe
feaceblog
feather
fed
fengzhizi715
ff
ffej
fff
fh
fhds
fher
fhh
fically
file
file-easy
files
filesassociate
filesconnect
filesforum
filetrusty
fileyp
fim
fin
finalcover
finance
financefull
financial
financial_times
find123
fineca
finekl
finger
fire
fireblue
firefox
fireloss
firesource
firewall
first
firstattack
fish
five
fkfc
fl
flash
flashcard
flat
flazingheaven
fldf
fldf2009
flet
flewflyinghome
flex
flight
flower
fly
flynec
flytree
fmcdnsx
fmcppi
fmi
fmp
fn
fngs
fni
fnpc
fo
fog
folder
follow-ship
football
footballmatchpreview
for
for1st
fordfoundation
fordoundation
foreign
foreignpolicy
forest-fire
form
fortnews43
foru
forum
foster
founder
four
foxnewslist
foxypredators
fp
fpdownload
fr
frag
france
free
free365day
freeaday
freeasianews
freeavg
freedns
freedom
freedream
freeextras
freeland
freenewscentre
freeslut
freestudents
freethrowline
friend
friends
frontpage
fs
fstl
fsw
ft
fths
ftp
ftpmicrosoft
ftproot
ftpsrv
fu
fuckbb
fuckdd
fuckit
fuckmm
fuj
fujitsu
fun
fund
funew
funnyvalley
funuk
fusion
futbolunivison
futurearti
futuresecret3
fuzzyfile
fwmo
fx
fy
fy2
fzr
g
g0-microsoft
g1
g20
g20news
g20russian
ga
gaca
gadgetscorner
gamble
game
gameby
gamegames
gameoverme
gameovershe
gameoveryou
games
gamesgames
gamess
gamezoneall
gami1
gamingservermc
gan1980
garde
garden
gasoft
gat
gateway
gatu
gauzpie
gb
gbf
gcgame
gde
gdhybrid
gdmg
gdocs
geetkculture
gege
gensuzuki
gensystem
geo
geoeyesat
geographicphotographer
geoinfo
germ
get
getfresh
getmegold
getnec
getport
gf
gfans
gg
ggg
ggggg
ggt
gh
ghj
ghlc
gho
ghome
gifas
gift
gike
gioinfo
girl1
girl2
girl3
girl4
girl5
gis
gjad
gjjb
gjjr
gl
gladland
glj
glk
global
globalknowledge
globalmailru
glogin
glx
glx80
gly
gm
gm1
gmail
gmail-images
gmail-int
gmail-register
gmail-servers
gms1
gn
gnoh
gnuvisor
go
go-jobs
gocentralnet
gocoolflash
god
godfried
godingnew
godson355
gofounder
gogo01
gogo02
gokgzw
gold
golden
goldman
golf
gom
goobypls
good
good001
goodday-yahoo
goodhost
goodhosta
goodhostb
goodhostc
goodhostd
goodingnew
goodluck
goodmongol
goodtv
google
google-active
google-ana1ytics
google-ap1
google-login
google-toolbar
googlebot1
googlebot2
googlebot3
googlebot4
googlebot5
googleclick
googlecustomers
googledns
googlegroup
googlehelper
googlehk
googleime
googlelinked
googlelist
googlemail
googlemail-login
googles
googleserv
googlesvr
googletechspt
googleupdate
googleupdateservice
googleupdating
googlleserver
gorush
gospreading
gostudyantivirus
gotourisma
gotowork
gov
govfree
govntrip
gr
grammercheckers
gratuite
great
greataf
greathorse
greatleader
green
greensky
greenutkegi
grid
grj
group
groupforall
gry
gs
gses
gsesweb
gsndomain
gt
gtalk
gtd1
gtd2
gtishare
gua
guage
guama
guanghua
guest
guhk
gui
guitar
gunlike
guns
gunz
guoike
gw
gws
gws01
gxo3
h
h1231
h20011
hack
hackinprograms101
hades
haha
hai
haiz
hakuna
hal
ham
hama
hamma
han
han01
hangoutgroups
hangoutshop
hangovergroup
hanmail
hanoihcm
hansoft
happy
happybehere
happyboy007
happynewyear
hardcore
hardwaregeeks
harm
harvard1
hash
hawkerbeechcraft
hcl
hdsdate
he
head
headin
headlines
health
healthcare
heartechnology
heavenaffiliates
heavengameshow
heike
hel
hello
help
helpchina
helpdesk
helpe
helper
helpname1
helpze
helshellfucde
henryclub
herbco
herbcolt
heritage-society
hermes-nas
hero
hers
hession0345
hession1
hessnews
hfmforum
hg
hgcurtain
hgui
hh
hhh
hhi
hhs
hi
hi5
hide
highcheap
hijack
hill
hilllove
hilopn
hinet-security
hinettotal
hint
hint1
hitachis
hitmanhf
hj
hjkl
hjl
hjxt
hk
hkfans
hkmj
hlagl
hlby
hll
hlp
hm
hmail
hoasen
holboo
holly
home
homeserver83
homeserverr
homeweb
honda
hongbee
hongling
hope
hos
hospital
host
host-stuff
host/domain
host01
host1
hostboot
hostlist
hostmypc
hostname
hosturl
hostweb
hot
hotaddress
hotbookspot
hotfix
hotgame
hotgirltvshow
hotma1l
hotmail
hotmailfetch
hotnews
house
hover-leo
how
hp
hpd
hq
hqcenter
hr
hrj
hrsy
hsome
hsoytsetlem
hsy
htc
htkg009
hts
http
http01
http80
https
htzx
hu
hua
huangma
huangxiaoxian
huffingtonpost
hughjackma
hukon01
hum
humanbeing2009
humanrightyahoo
humphrey
hun
hunger
hutton
hvtrbase
hwp
hy
hycoxcable
hyd
hz
i
i-cdn
i-dim
i1
i3
iabk
iad12s04-in-f10
iad23s02-in-f33
iamcoming
iat
ibm
ibmen
ibmintelearth
ibmmsg
ibmupdate
ibmweb
iccbhhjdgb
ici
icmp
ico
icom
icrc
ics
ictorgil2
idc
idds
idf
idgvc
idm-east-cox
idor
idsa
idsconline
ie
ieee
ieupdate
iexplorer
igac
igarss20l3
igenorri
igormorgulov
ihi
ihouse
ihs
ii
iii
iimachavelli
ijj
im
image
imageone
images
imagine-one
imail
imaps
imapupdate
imc
img
imginfo
imlang
imm
important
imps
in
in02
in3
inbha
incom
income
ind
indaf
index
india
india-space
india-us
indian
indiartc
indiawp
inet
inf
info
info1
infocardiology
infor
inforguide
information
informationfalun
infos
infosec
infoservices
infoteller
infoyahoo
infras
ingoogle
ingrammicro
inim
inin
inld
inly
inmailbase
inner
innovatorspool
inquirer
ins
insat
inside
insitucom
instanc
intblizzard
inte1sat
intel
intelantivirus
intelupdate
interfacet
interfexru
internal
internet
internoit
intranet
intweb
invest
iol
ip
ipack
ipad
ipbl5
ipc
ipcode
ipcs
ipgeobase
iphone
iphone4
iphone4ios
iphonesyslog
ipod
iprtinfo
ipsecupdate
iq00
ir
ira
irbtb1
irf
irisegs
irq
irsg
is
isa
iscu
islam
isp
isro
iss
istore
iswb
it
it-bar
it01
it02
itagov
itbp
iti
itin
itt
ituneupdatecentre
itvail
iyy
j
j1
j16hz
j6
jabber1
jack
jackinght
jackme1
jacksmith
jacksto
jacktoms
jackyandy
jamax
james
jap
japan
japan001
japan002
japan003
japanbaba
japanese
japantokyo
jas
jasdf
java
java-files
java1
java2
java9
javas
javaup
javaupdate
jax13
jaxa
jazzy02
jbei
jbyzc
jcar
jcarey1464
jcash192
jcie
jcrsoft
jd
jdxz
jedi2
jennahazelove
jennalove
jennifer98
jennifer998
jenny
jericho
jerryiop
jetjet
jetro
jfe
jfs
jg7
jggs
jhd
jhg
jhu
jiangmin
jimin
jimloveme
jimloveshe
jimloveyou
jingnan88
jis
jiss
jj
jj-desk
jjj
jke
jl
jlfy
jmark4040
jnj
job
job99online
jobcall
jobhunting123
jobster
jobtitle
joe
johnblack
joins
jokimdavis
jonathan
jones
jones609
jordan
jordon
joyfulhalloween
jp
jp2
jp3
jpathree
jpbayse
jpdain
jpdict
jpterms
jptwo
jpupdate
jrfw
jrgs
js
js001
jsc-nasa
jsh
jtf-lawfirm
jtt
jucy
juf
jul
juliy
july5
julyforth
jump
jun
junior
jupiter
jwt
jxsuyuisyahooapis
jy
jz
k
k01
k1
k1221
ka
kaba
kaka
kamtei
kanda
kapasikiav
kapersky
kapspasky
karen-millenoutlet
kaspersky
kaspersky-us
kasplab
kav
kawaya
kazbolg
kb1gs
kcarel
kdm
kefu
kernel
ketypary
keyboardhk
kfsinfo
khalistancalling
khi
kickingdruging
kicktick
kida
kieti
kikai
kiki
killerhost
killsec
king
king-kl
kinglove194918
kingwife
kis
kisomura
kiss
kissyou01
kita
kk
kkd
kkk
kl-care
kl-hqun
kl-knab
kl-mfa
kl-rfc
kl-rio
kl-veriz
klati
klbakerm
klbar
klbis
klcg
klecca
klenvi
kleu
kliee
kllhd
klmfat
klnrdc
klonki
klotp
klpiec
kluscc
klwest
kmd
kmnp
kmtl
knab
kndu
knight-quest
knnnbolke
ko
koa
kobel
kobelco
kobelcoback
kog
kohn
koko4w
kol
komnner
konamidata
kong
kongjian090731
koor
kor
korb
korea
korealovea
korealoveb
korealovec
korealoved
korealovee
koreamama
koreans
kortimes
kr
kr0927
kratosdefense
krv
krvineyard
ks
ks01
ksa
ksaa
ksap
kssa
ktds
ktry
kua
kulapupu
kungfu-panda
kv
kvnn
kvvn
kx
kxfjype
kyvis
kyzosune
l
l-3com
l3
l33ch3d
lab
labtest
lady
lais
lanblizzard
lance
land
laraminecraft
late
latecoere
laton
law
lawste
lawste2
lb
lbj
lda
lead
leanov
learn
led
led-professional-symposium
left
legendmemorys
lehnjb
leicesterhigh
lele
leno
lepad
letme
letplayit
lft
lge
lgn123
lh2
lhbf
lhgc
li
lib
liber
librarysnight
libre
lie
lifelogs
lightfive
lightfour
lightone
lightthree
lighttwo
like
likemeornot
linahargis
line
lingm
link
linkedin-blog
links
linkspectra
linux
linux-update
linuxforover
linuxsofta
linxauth
lisaijie
lisanew
list
lituite
liu
live
live-facebook
live-msn
livedoor
livesunshine
liveupdatesonline
ll
llex
lll
lllyyy
lm
lmco
ln
lo
loading
lobavan
lobster
localgroupnet
localhost
lockheedmartin
lodahelloworld
log
loggol
login
login-live
login-yahoo
logintal
logmastre
logo
logoff
logon
logonifty
logout
logs
lokia
lol
london
long
longer
longlong
longshadow
look
lookouta
lookoutb
lookoutc
loper
lopo1983
lops
loretta
loris778
lost
lostlove
lostself
louis
love
lovebaby
lovebabys
lovefree
lovehill
loveit
lovely
lovemybaobao
lover
loverose
loveu
lp
lpdomain
lps
lra
lsass
lsrv03
ltc
lthed
lu66064
luan
luck
luck-baby
luck-man
luck201202
luckmegame
luckmevnc
lucky
lucky-boy
luckygirl
lucy
luke
luo
lw
lwave
lwjttqlniekv
lx
lxb
ly
lynberrg
m
m1
m20
ma
ma1
ma2
mac
macbook
macfee
macfeefrane
macfeeonline
machine
macjhonz
macromedia
macrosoft
macsol
maf
maff
maff01
magazine
mai1ru
mail
mail-attachment
mail-info
mail-kr2
mail-login
mail-oceaneering
mail-ru
mail-service
mail1
mail2
mail91
mailbox
mailer-daemon-google
mailexchangecenter
mailftast
mailinfor
mailmn
mailru
mailruagent
mails
mailserver
mailsignin
mailsrv
mailyahoo
mailyahoocenter
mailyandexru
mailym
mailyuisyahooapis
mailyuiwyahooapis
main
mainpanel
makeup
makit
malay
mall
malware
malwarebytes
mamutu01
man
manage
management
manager
manchester
mangoday
mantech
mantech1
mantech2012
manufacturinggrowthing
maofajapa
map
maplesyrup
mapowr
maps
marche
mariacary
mark
markettaiwan
marryme
martcas
mas
masaingtom
mash
maths
matrix
matrixfanclub
max
maxtourguide
maya
mayen
mayman
mc
mcafee
mcca
mcicda
mciogn
mclean
mclmail-saic
mcr
mcserverblake
md
mdb
me
mea
meaofin
meat
media
mediapm
mediaupdate
meet
meeting
meetings
megamediafile
megavideopornonline
mei
meilan0501
meinvsp
meiove
member
memberd
memorys
memowm
menmin
mentinf
merax
merry
message
messenger
meta
metalimprovement
metecafeshow
method
mexchange
mf8
mfc
mg
mgclog
mgen
mgin
mgl
mgtfcayman
mi
miamiscandalflaw
micava
micoosofts
micr0soft
micro
microam
microcom
microcomputer
microdef
microdisk
microdyndns
microlink
microscft
microsoft
microsoft-com
microsoft-en
microsoft-help
microsoft-update
microsofta
microsoftb
microsoftc
microsoftca
microsoftdotweb
microsofte
microsoften
microsoftmse
microsoftofficeupdate
microsoftoldcl
microsoftsp3
microsoftupdate
microsoftupdated
microsoftwindowsupdateasia
microsoftwindowsupdateuk
microsoftze
microtrendsoft
microupdate
micrsoftware
midatest
midrums
mil
mildstone
mili
military
mility
milk
milnews
milsatcom
milstar
milstars
milw
mind
mindplat
minecrafthere
minet
mini
minzhu
mircbloger
mis
misc
misro
mistakeinfo
mit-edu
mitimy
mix
mixcabfy
mjik135
mko
mkplayer
ml-yk
mlog
mm
mmd
mmkklloo
mmm
mmofoojap
mmy
mn
mng
mnmail
mob
mobiappword
mobicom
mobile
mobileappworld
mobilesoftwaremanagement
mobiltechsoft
mobnetserver
mocafee
mod
mods
module
mof
mofa
moi
moit
moj
mol-government
molnews
momate
moment
mongol
mongolbaatar
mongoles
mongolia
monitorweb
monkey
monre
monu
moobesring
moon
mooner
mor
mos
mosfdns
mosglobe
mot
mother
mother1
mother10
mother2
mother3
mother4
mother5
mother6
mother7
mother8
mother9
motleycrue
moto
motor
motsoul
movie
moviefone
movienews
movies
mozilla
mp
mpe
mpt
mr
mrright
ms
ms11
msc
msdn
msdnblog
mseupdate
msf
msfiles
msfileshare
msgbox
msitron
mslib
msmail
msman
msn
msncache
msnet
msngroups
msnlifeliveupdate
msnmail
msnnewes
msnpassport
msnserver
msnsupport
msoftweb
msproduct
msupdate
mtc
mtv
muriodoce
music
musicawards
musicstars
mutuomubo
muy
mv
mvp
mw
mx
mx147
mxa
mxsa
my
myais
myblog-blog
mycici
mycount
mydear
mydiscoveryscreensavers
mydns
mydnshere
mydog
mydream
myfilestuff
myfw
mygoodbug
myieone
myiethree
myietwo
mylinux
mylion
myliveupdate
mymail
mymicrosoftmem
mymyntra
mynet
mynews
myown
mypay
mypi
myredirect
mysharpens
myspacenews
mysql
myturn
mywallstreet
mywork
myzone
myzones
mzk
n
n00b4u
n1
na
nachi
naclpro
nagoya
naimap
naliar
nam
namcodat
name
nameserver1
nameservers
namewho
nangua
naonao
narl
nas
nasa
nasaorg
natco1
natco2
natco3
natco4
nateon
national
nationalobm
naturalinter
nature
naupdate
nav
navair
nave
naver
navy
navy-grippaldi
navyair
nay
nb
nb3000
nba
ncaanews
ncc01
ncc02
nd
nda
ndbssh
ndc
ndi
ndia
ne
nec
nec001
nec01
nec02
necnec
nectecnoligy1
nedfortibt
needm
neo
neon2
neptune
nero
nesco
net
netbastthebash
netbios
netflixcenter
netkiller
netmosol
netthief
netwo
network
new
newamazingfacts
newback
newbee
newblog
newdyndns
newedi
newesyahoo
newfile
newhose
newihs
newin
newjerseyboy
newjobspro
newld
newmail
newnavigator
news
newsdaily
newsgdeep
newsgis
newsgroup
newsgroupupdate
newshappys
newslog
newsoft1
newsonet
newspace
newspaper
newsservice
newsstoryus
newstime
newstoday
newsyandex
newtibet
newwhitehouse
newyork
newyorkonlin
nexfin
nexoncorp
nexterchk
nf6
ngc
ngcc
ngl
ngng
nhc
nhk
nhns
nhs
nhs1
niak
nic
nidc
nifty-login
nifty-user
night
nikon
nine
nis
nitr0rac3
niu
njg
nkr
nkrme
nld
nlsec
nmci-isf
nn
nni
nnn
nnpkl
nobelpeaceprize
nod32
nod32de
nod32upsenter
nodns2
nono778899
nonoyesyes
nooonooo
noorno
nor
norton
nosnikta
notbook
notebook
notes
nothree
notify
nousage
nov
novelseller
nowcheap
np
np2
npns01
nprotects
nrfn
nry
ns
ns0
ns01
ns1
ns10
ns11
ns13
ns14
ns18
ns19
ns2
ns3
ns4
ns5
ns6
ns7
ns8
ns9
nsc
nsc01
nscinfo
nsctemp
nskupdate
nslsa
nspo
nsr
nsser
nssys
nt
ntdtv
nti-org
ntimobile
nts
ntsvr
ntuedu-tw
nuac
nucor001
nuk
nukenupdate
nunok
nuyoahz
nvidia
nvidiaupgrade
nx
nyhq
o
o1
oa
oat
oather
oayoahzfks
oba
oberaufseher
obi
object
ocasia
ocean
oceancirculation
oceanicworld
oceaninformation
offer
office
offices
officescan
officeskyline
officeupdate
officeupdatecontroler
officeupdated
offlinewebpage
oic
oil
ok
okok4o
ol
old
olga
oliveglobals
oliver
omagle
ome
omg
ominci
once
one
onefree
oneone
onestop-shops
onk
online
online-movies-free
onlinejilu
onlinestoreapp
onlinwebnews
onlysms
onscity
oo
ooo
op
ope
open
opendocs
openhostingtalk
openmofa
operation
opeseor
oport
oprea
option
oracle
oracledata
oras
orb
orca
orcalupdate
order
org
org1
origin
original3c
os
osamu
oscar0tree0
osfingerprint
osk
osmancomar
osservices
otc
other
otherp
otherten
out
outcome
outgateway
outlook
outlooklogin
outlookrevision
outlooks
outwit
ovl
owa
owl
owner
ozonerim
ozowarac
p
p0p3
packer
paddi
padma
paekl
page
pagead2
paigutang
pajerolive
pandoramusics
panel
pangu
pansenes
paoodd
paper
papers
papijohn
papper
park007
parrotcatcher
pars
parsons
pasco
pasldldld
patch
path
pattenclara
patty
pavel
pavel-001
pay
payse
pb
pbxes
pc
pcg
pch
pchome-shop
pcie
pcm
pcs
pcshare
pcx
pdate
pdf
pdoc
pe
peace
peaceful
peaceful003
peafb
peci
peddy
peninmu
penitenzieria
people
perfectxiong
peroillion
pet
petitions
petto
petty
pfreei
ph
phamtuan
phar
pharmamkting
phattai
phb
phi
philes
philippinedaily
phillipines
phinex127
phli
phnix
phono
photo
photopucketpp
photos
php
phpdns
phprotec
phpweb
pi
pic
picasa-album
pics
picshome
picture
pidc
piegauz
pigjsk
pigout
piljtp
pill
pimjtp
pin
pincus
pine
pingabm
pink
pinkfloyd
pinklover
pinkysexy
piping
pir
pirlo
pituite
pizf
pjhuedui
pk
pkg
pkspring
pl
pl0y
planning
play
playdd
player
playstation3
playstationjp
plog
plop
pls
plugin
pluginfacebook
plusheadlines
plusser
pma
pna
png
po
po20
poc
podding
podesta
poft
pofuyer
pokerfce
polat
polishhi
polly
ponez
pop
pop2
pop3
popandrockmusic
popcap
popgameshow
popkaka
popmusic
popo
popsectest
popular
pornstarjena
port
portal
portal-nps
portion
posere
post
postmaster
power
pozzp3
pp
ppc
ppi
pplove
ppp
ppszturn
ppt
prada
prc
prefix
premier
press
preter
preview
price
print
printer
pro
proc
product
products
programfiles
programmersheavengroup
programrtools
progress
projectx
protal
protect
protocol
proxy
proxy-google
proxydns01
proxydns02
prvidtr
ps
psr
pst
pstestnew
psy
ptfk
ptkstore
pto
pu
pub
public
publication
publicupdate
pubs
purpledaily
pvep
pvn
pvt
pwc
pwd
px
q
qa
qazwsxedc
qc
qcpeak
qd
qdnd
qf
qinetiq
qingwa
qinoo
qiye
qj
qldlmm
qlxm001
qnao
qpdosj
qpec
qq
qq-files
qqq
qqqqq
qqsk
qsgs
qsxfc
qsxfczjwz
qto
qtsofta
qtum
quantitech
quantum
querydll
queryinfo
quick
quiet
quizas
qwby
qwe
qwer
qwert
qwertyaaaa
r
r3gistration
r8052j
ra
ra1nru
rabb
racmania
radio
rae
ragsdale
ragsorter
ragster
ragstone
ragtag
rahardj
rahardja
rahasta
rahatsiz
rahimzade
rahinnahk
rahlfs
rahmah
rahmani
rahner
rahoitus
rahoja
rahudson
rain
rainscoat
rainsea
ramadi
ramail
ramb1er
rambler
rand
ranjbar
rao
rapidmixim2010
ras
rasmu
rat
rbcuser
rbi120
rbjg
rbny
rcs
rcx
rd
rdaccount
rdcorp
rdp
re-buke
readme
reak
real
realliveupdateserver
realliveupdatesever
rebirth
receive
recent
record
recycler
red
redforlinux
redgolfclub
redhat
redmil
refresh
reg
registrat
rehab
rel
relax
relay
release
reliablymails
religious
remote
ren
replicawatchessuper
report
report1
report2
report3
report4
reports
res
research
researcherzone
ret
retype
review
rewescanthgher
rf
rfa
rfanews
rfckl
rffi
rgin
rh
rice
right
right101
rihana
rim
ripper
rising
risingupdateshedule
ritownship
riyuku
rj
rj2
rj3
rja
rk
rmax
ro
rocket
rocket1
rocket2
rocket3
rocket4
rocketupper
rockingdevil
rockwellcollins
rodman2289
rok
roll
rolls-royce
root
ros
rose
ross977
rouj
rouji
roujicontrol
route
row
rp
rpc
rr
rrj
rrr
rrrrr
rss
rsut
rt
rtoo
rty
ru
ru001
rua
ruag
ruffbitch
ruicosta
rumail
rumbt
rus
rushappy
russia
russpace
rwchateau
rxo
s
s0ft
s0pp0rtdesk
s1
s2
s3
s3rv1c3s
s4
s5
s6
s7
sa
saboresnativos
sac
sadbird72
safebyeak
safecheck
sag
sai
saint
sales
saltlakenews
samalulu
samer77
san
sandiego
sandxhp
sane
sanj
sanj01
sanjian
santa10
sap
sapp
sapudg
sat
sat-corp
sata
satelliteclub
satem71
sauew
sav
savagecounty
saveworld2012
sb
sb-1
sb8888
sbyl
sc
sca
scan
scc
school
sci
scientist
scind
scitencefd
scott
scottyt
scpkl
screen
scriptt
scrlk
sd
sd-2009
sd-2010
sdf
sdmsg
se
se7
sea
sea001
seaairs
seablow
sealand
searain
search
searchdultfriends
searchports
sec
secmicrosooo
secondattack
secuina
secure-copy
secure-s
securedmx
securedocx
security
secymail
sedp
sefinfo
sefsrv
seg
segaserv
segoviaftp
segoviaip
self
semang
sen
send
sendmsg
sendsh33p
seol
seoul001
seoul002
seoul003
seoul004
seoul005
seoul060329
seoul060330
seoul101
seoul102
seoul103
seoul104
seoul105
seoul106
seoul107
seoul108
seoul109
seoul110
seoul111
seoul112
seoul113
seoul114
seoul115
seoulsummit
ser
seracv
serial
serti
serv
serval
server
server1
server2
server721-hans
serveral
serverrr
service
serviceagent
servicelinux1
serviceofmfamail
services
services2011
ses
session
set
setting
setup
seven
sexinsex
sexy
seyuieyahooapis
sf
sffs
sfile-mclean-mitre
sg
sg-online
sg3appstore
sgad
sgedit
sgl
sh
sh3llypunk
sha
shadow
shadu
share
share-home
shell
shen
shen08
shenqi
shink-w
shinkhw
shinko
ship
shipping
shl
shop
shoperstock
shopie
shopingcard
shopingcenter
shopping
shoppingspawn
shortcut
shost
shot
shotacon
shou
shouji1
shouji10
shouji2
shouji3
shouji4
shouji5
shouji6
shouji7
shouji8
shouji9
show
shreadersupport
shuimengluosuo
shz
shzh
side
sidtemp
sign
signin
silence
silent
siling
sin
sina
sinasohu1
sinasohu2
since
singcoat
singes
singesnight
singlady
single
sisc
site
sixday
sixt
sk
sk2
skc
ske
skh
skier
skill
skinstorefree
skipfish
sklcenter
sknczrz
sksucc
sky
skyeye
skylarzone
skylie
skynet
skype
skype-register
skysportsview
sl
slicky
slideshare
slnoa
slrfc
slrj
sls
sm
sma
smackdownfanclub
small
smart
smart2011
smdc
smgs
smile
smm-hamburg-de
smooth
smtp
smurfprotection
sn
snakecelebration
sneaky
snew
snow
snowhataj
snowsmooth
snrp
social
sociapub
sodfoe
soedow
sofa
soft
softmini
softservices
software
softwaresupdates
softwareupdatevmware
sohhusb02
sohu
solar
sombreday
someone
sona
songs
sonificaton
sonoco
sope
sophos
sophosts
sorter
sosofunny2011
sosofunny2012
sosofunny2013
sosofunny2014
sosofunny2015
sosofunny2016
sosofunny2017
sotp
souhilo05
sounce
sourceinsightonline
southern
sp
sp1
spa
space
space-mars
spaceimage
spacenews
spaces
span
spas
spckl
spclass
spec
speci
special
sped0m00d
speech
speedaccelator
spieshow
spiritlog
spit113
spnoky
sport
sports
sports-interaction
sportsinfinite
sportsnews
sportswomen
spot
spx
spy
sql
squik
sra
sremx
sricpt2011
srv
srv001
srv01
srv91
srv911
srvmail
ss
ssa
sscdtt
ssee
ssftp
ssh
ssi
ssl
sslimg
sslupdate
sss
sssa
sst1
sstw
ssun
ssupdate
ssys
st
st01
staff
stamps
stans
star
star_co
starcrazerg
starf1sh
starmobilephones
starmobnetservice
starshome
starsoel
start
starwars
stat
state
static
statistics
stats
status
std
steel
stell
sting
stmp
stock
stone
stone101
stoneqwer
store
store-fb
story
strciapub
stream-media
streetlegal
stretcherservices
strgm
strnewgm
stsa
study
stulaw
stuwal
stweet
stx
su
subdomain
succ
succourtion
suck
sucursal-virtual
sudoku
sudra
sugar
sughosts
suho753
sum
sun
sunny
sunshine
suntop
supa
super
superhero
superkiller
superlinktec
superpennystock
supersolus
supertechnoclub
support
support-microsoft
support-office-microsoft
supportanswer
sur
surfacepad
surmang
sute
suzukigooogle
sv
svc
svchost
svf
svideo
svr010
sw
swiss
sword
swordhouse
swotm
swu
sybf
syesv
symantec
symantec-sync
symantech
symanteo
symbolic
syn
sync
synchronization
synpad
syp
sypris
sys
sysbloger
sysinfo
sysinfor
system
systeminfo
systems
systemupdate1
systemupdate5
systen
systom
systoolsonline
systoynlm
sysy
szcl
szwj
t
t1
t2010
t2011
t3
t99
tad
taejoo
tag
tainet
tak
talia
talk3366
talks
tance
tangjizhong1234
tank
tanxiao
tape
task
tastfine
tau
tauu
tbtaction
tbtculture
tbtwillwork
tbwm
tcc
tcgs
tchaland
tclient
tcp
tcpiah
tdfg
tdns
teach
teamware
tear
teas
tebit-newtwn
tech
tech1
tech2
tech3
tech4
tech5
tech6
tech7
technet
technology
telcom
tele
teledyne
teledynegroup
telnet
tem
temp
tempfy
tempsys
ten
tenblog
tent
tera
terna
test
test1
test2
testabcdyuisyahooapis
testbig
testcom
testcom1
testforxxx
tests
tet
tethys
tethys1
texc
text
tf
tfcorp
tfdmail
tg
tgca
th-cb
th-ks
th-te
th-tp1
th-y3
th1022
th1022f
tha
thai
thai_cambodia_clash
thale
thalesgroup
thawte
thbmotcr
thebest
thedailynewsheadline
theiridium
themoscowtimes-inc
thesaintflower
thezxcvasdf
thief
think
thinkvipopt
thirteen
thisoldguitar
thks
thn
tho
thomson
thop
three
threethree
thyeyes
thysea
tia
tib
tibet
tic
tica
tickets
tideochat
tier
tiger
timbaland
timchaland
time
timeforbeat
timelas
times
timetoplaythegame
timmf
tin
tine
tintint
tinywill
tinywill1
tinywill2
titan
titans
title
tkcht
tkfdnow
tkuedu-tw
tkv
tl
tl3
tls
tm
tmall
tmkstore
tmod
tmp
tnjs
tnv
toba
toch
tod
todaygonever
tokyo
tom
tomas
tomorrow
tomorrowforgood
tomsen
tomsondad
tomtang
tools
toornt
top
topkl
topmoney
topnews
toray
torchtechnologies
toroy
toto
tour
touristinf
tow3r
toy
toya
tp
tpn
tport
tps
tpy
tqsj
tr
trade
tradesshowreports
traffic
train
trains
trans
transfer
translate
trap
trasul
travel
traveluo
trb
tree
trend
trend-mico
trend-srv
trendantivirus-lab
trendmicro-update
trendmicros
trends
tri
trip
triu
tro2
truckonlinespec
true
trust
trustworthyinfo
ts2
tsa
tsc
tsd
tsl
tst
tsx
tt
ttbc
tti
ttl
ttt
tttt
ttupdate
ttx
tty
ttyt
tuantu
tuav
tulip
tunnel
tuoguan
tuoguanjava
tupsxms
tuv
tv
tvsion
tw
tw2
twa
tweb
twiiter
twit
twitter
twitter-register
twitters
twlog
twmofa
twn
two
twothree
twotwo
twsrv
twtw
tx
txt
ty
tycoo2012
tyoms
typh00n
tz
tzcl
tzsjdw
u
u1
ubuntusofta
ud03
udate
udp
udpate
udpudp1
udpudp2
udpudp3
udpudp4
udpudp5
udpudp6
uefafifa
ug-aaon
ug-rj
ui
uiop
ujheadph
uk
ukon
ukupdate
ultravpn
un
unesco
unfc
unhq
uni
unicefco
unicefsports
union
unix
unknow
unlkmwvzvekl
unog
up
upa
upate
upb
upc
updaate
updae
updaet
updata
update
update-onlines
update1
update3
updated
updatedns
updatee
updateinfor
updatenews
updateo
updatepack
updater
updates
updatestream
updating
updatte
upddate
updete
updeto
updte
upgrade
upgrading
upload
uppdate
ups
urgmsec
uripok
urs
ursorg
us
us-pacific
us0223
us2
us3appstore
usa
usababa
usagovwww
usarl
usarm
usc
uscc
uscom
use1
use2
usea
user
userinfo
userinit
userlog
users
uskoreainstitute
usmc
usmirocomney
usna
usnaa
usnb
usrts
ussa1
ussa2
utsuku
uu
uudog
uupdate
uur
uuu
ux
uy
uyghurcongress
uyghurhero
uzper
v
v-share
v3net
va
vababy
vale
valen
valid
vall3y
value
vcustody
veri-sign
version
versiontt
viasat
vic
victorious
video
videos
videosexgame
viet
vietkey
vietlex
vietn
vietnam
viett
view
viki
vip
vip-webmail
vip2
viplenta
vipmailru
viprambler
vipreclod
vipuser
vipyandex
virus
vis
visordan
vista
visualnews
vit
vlagimir
vm
vmwaresupportcenter
vn
vnagency
vnet
vnn
vnpt
voa
voanews
vockl
vod
vodafoneupdate
vodatone
voice
vol
voler
volume
voomusic
voov
vope
voxadwww
vpn
vpnng
vpnwork
vport
vps
vs
vst
vstrend
vtc
vth
vtt
vupdate
vv
vvfjs
vvit
vvv
vwindowsupdate
vxea
w
w3c
w3w
w53
wagner
wagoo
wakawaka
wakka
wal
walk
walson
walste
walt
wang
wap
warfire
warm
warnews
was
wasa
washsq
wat
water
wave
wayi
wazaka
wbjs
wcl
wdxiulian
we
we-tour
wea
wearwellgarments
weather
web
web-ex
web-mail-services
web01
web03
web1
webacc
webblogs
webcus
webdata
webdesignyourlife
webfilestore
webgame
webimg
webjavaupdate
webknb
webl
weblog
webloginstanford
weblogs
webm
webmaff
webmail
webmail-earthlink
webmail-login
webmail-mei
webmailaccountservicemail
webmailcentre
webmailnic
webmicrosoftupdate
webnews
webox
webplus
webs
webserver
website
webster
webwork
wec
wed
wedalognow
wedding
week
wei
weibo03
weile3322a
weile3322b
welder
wer
west
west1
westjoe
westking
westnew
weststock
wf
wgame
wh
what
whatsnew
white
whitehouseinfo
whitepaper
whl
who
whocare
whoiampw
whois
whostmrage
whotgame
wi
width
wieldbumpy
wifi
wifidns
wiki
wikileaks
wikipedia
will
wills
win
win-xp
win2000
win2003
win7
win98
win9isme
wind
windows
windows-liveupdate
windows2008
windowsliveupdatecache
windowsnine
windowsupdate
windowsupdated
wing
wings
winhelp
winibmupdate
winlogon
winnt
wins
winsdate
winserver
winsoftos
winssl
winsupdate
winup
winupdate
winvc
winwordupdate
wiredipedia
wisseurope
wizsplit
wj
wk
wkl
wkrznucqx
wl
wlohman
wm
wmail
wmw
wnet
wnzptnq
wocaotama
wod
wog
wogawoga
wolf001
wolfensteinx
wolfkilin
wollut
womanizer
women
wondersofworld
woo
wor
word
wordhole
wordpress
work
workerisgood
working
workingouta
workingoutb
workingoutc
workingoutd
workstation
world
worldcitycenter
worldclassvisition
worldcup2010
worldmaprsh
worldnews
worldread
worldsecuritys
worldtourismnews
worldview
worldwide
woskagz
wot
wow
wowo
woyaofanwen
woz
wozniazhn
wpfmacfei
wpi
wpo
wpot
wpvn
wreckmove
ws
wsaport
wsn
wsnwsn
wstat
wsx
wsxg
wsyggfw
wt
wupload
wuwebv
wux
wv
wvsolution
wvv
ww
ww2
ww35
wwab
wwi
www
www-cdn
www0
www1
www2
www3
www4
www5
www7
wwwcb
wwww
wxpb
wz
x
x-fmg
x1
x5ms1
x64
xc
xd0223
xderopp
xdl
xdrb
xhppxdl
xhpsakura
xhz
xi
xia
xiaoyuyouyou
xin46
xing
xinxin20080628
xishuai
xizi
xj
xjg
xjgs
xkgs
xl
xlogin
xly
xm
xm1119
xmahone
xman
xmh
xml
xmlflash
xn
xophophore
xor
xp
xp1
xpi
xpp
xread10821
xsisfx
xsouls
xssky
xszp
xt
xtap
xu3mask
xutn
xv
xvie
xwclient
xx
xxoo
xxx
xxx01
xxxyou
xyrn998754
xyz
y
y3
ya
yaa
yacooll
yah00
yaho
yaho0o
yahoo
yahoo-configmail
yahoo-help
yahoo-mx
yahoo-user
yahoo1
yahoo2
yahoo2012
yahooair
yahoocom
yahoogroup
yahoohelp
yahooinfo
yahooinform
yahooip
yahoomail
yahoomail-images
yahoomail-inc
yahoomarks
yahoomessenger
yahoomit
yahooprotect
yahoorigist
yahooserv
yahooserver
yahooupdate
yahuy
yakz
yale
yandex
yangdex
yanndexru
yb
ycbackap
ycumil
yeahbaby
yeahyeahyeahs
yekchekeelm
yellowblog
yg
ygfk
ygh
ygly
yhc3
yhcl
yhjkoiu
yhkj
yick
ykcai
ykcailostself
ykcainobody
yl
ymail
yn
ync
ynd
yne
ynet
ynhgs
ynmv
yns
ynsc
yo
yohaa
yok
yonex
yote
you-post
youandme
young03
youord
yours
youth
youturbe
youzzsun
yq
yqbf
yqld
ysb
ytch
yturn
yuanli
yue
yuiwyahooapis
yunso
yv51
yvj1
yy
yycc
yycvrd
yys
yyy
yz
z
z0325
za
zaodaowo
zc
zchat
zendossier
zeng
zerghelloworld
zeusagency
zg
zhangmm
zhj
zhjcp
zhjld
zhjsx
zhost
zhou
zhousafe
zhouweb
zijiy
zing
zipsource
zj
zj11231
zjz
zjzt
zm
zmail1
zmail2
zn
znew
zold
zolipas
zone
zonfile
zoomdirty
zor
zrn
zsm
zt
zts
zx
zxc
zxl
zxm
zxsh
zy
zyxel
zz
zzsoft
zzyykk
zzz
mx.mail
ns68
cio
cm
alice
boeken
casino
ns201
34
ec
cfg
common
webhost2
image3
ticket
sc2
fotos01
vas
maps.google
disney
neu
_domainkey
ts19
img36
fs2
stalker
portland
seller
smtp1
party
ask
mx06
comunidad
ns20
w1
servicedesk
yeni
c0
29
origin-www
porn
vip1
a.ns
mx-1
minerva
smx3
annonces
moodle
ipv6
server11
vm0
vote
marco
crt
dns04
media3
web7
ns66
cloud1
aide
srv03
east
denver
bms
ns06
extensions
today
nw
msg
ns2.hosting
static.cdn
museum
img8
oma
item
rest
null
dr
mta6
stud
general
www.cdn
xf
testforum
hosting2
tnt
login1
intern
mailing
csp
aqua
gps
mama
ad3
henhenlu
ubuntu
tip
eve
counter
mint
light
ariel
united
messaging
tol
creatives
astrahan
registry
ku
www.biblioteca
mls
error
chris
dialog
idm
courses
ufa
newsroom
barracuda2
listserv
iam
www.travian
phone
berlin
amadeus
turizm
blogsearch.google
che
mta8
www19
medical
nsauth2
777me
www.expedia
s24
jogos
tax
www.canon
dmp
kpmg
samp
stories
wwp
dc1
er
tn
vpn2
p4
frontend
mx1
som
jm
anywhere
war
vc
mercury
reply
kg
tpb
collection
vp
society
sara
gals
voorraad
tgp
arizona
smtpproxy2
cal
firmy
ns115
tender
tel
entradas
9
s30
academy
digi
lotus
mailgw1
www17
qz
br
tiads
medlem
mail22
inst
picard
deutsch
florida
ami
w2
reklam
dns4
ns89
s01
str
messageboard
exmail
sp2
buzz
mailin1
bbs2
mcc
humor
la
mktg
subscription-assets
content4
www.trivago
dns460
manual
nsc1
custom
e23
ww21
logger
vids
arc
img02
krakow
wallpaper
provincia
e17
sistemas
ekaterinburg
spamfilter2
correo
correo2
messagent
www.demo
assistance
mail17
k12
gadget
food
cz
dg
repo
bugs
dragon
z1
stars
feed
lb1
pvp
www.media
e9
ajax
cdn0
ww43
sid
marine
rock
sqqvod
f4
viper
dlp
minecraft
kharkov
front
the
juegos
academic
ww5
smtp03
ns-2
ns47
mitsubishi
milano
mailfilter1
img20
latam
onlineshop
name2
mds
d4
secured
cl
vsp
mediawiki
submit
ns200
image2
ns70
smtpout
lms
fi
uo
www.w
basketball
zakelijk
bbs1
2015
colorado
welcome
intl
history
hk2
prod1
smtp2
www.ar
android
mx05
ns27
suzuki
pms
ds2
c3
mx-2
swf
barnaul
mypage
ece
install
connections
losangeles
ocsp
shows
rdns2
mailhost3
ns30
external
campaign
www.e
www.lc
vet
hilfe
images4
ebs
fishing
ns09
jenkins
off.st
cine
nyc
midas
housing
tao
img7
toolbar
angarsk
fw2a
mailrelay1
wg
mailer2
camera
ios
ds
zeta
nagios
quark
icecast
merchant
writing
www.beta
drivers
redirects
college
hosting3
raven
diy
yun
24
sdc
mcs
cl1
skin
dubai
ad2
loadbalancer
antispam2
penza
hermes
samara
especiales
seminar
www.lb
fax
kontakt
exp
digital
whatsapp
ftp2
brands
dropbox
nz
gardening
i4
17
token
edm
barracuda1
radar
jeux
www.eu
service1
img12
jobsearch
live2
wd
dog
documentation
conferences
geoip
referat
cdn3
zero
to
fitness
vns1
girl
ws1
backlink
pec
im2
smtpauth
sj
hao
austin
feedback
myaccount
p5
ak
mx0
s27
trk
magic
demo
deals
2008
xoops
a3
kf
texas
brazil
ns107
images7
membership
ns34
honorificabilitudinitatibus
mailin
tec
ns114
promotion
imss
hindi
guestbook
mailgw3
emailing
thumbs4
andromeda
metric
www14
script
mailc
oem
kirov
volgograd
contentz
mail21
ips
assistenza
smtpin
dict
kalender
www.hsbc
analytics
ilan
video1
ns88
malta
affiliates
portaal
spam01
sakura
foros
yp
related
cerberus
anquye
customerservice
min
musik
gtm2
cit
tms
jobb
horoskopy
www.shop
solutions
b.mx
keskustelu
clicks
www.tv
orlando
e14
spamfilter1
mediakit
statics
xbox
em
callisto
api4
mediacdn
www-origin
69
run
kerch
www.test
uat
kim
cursos
biblioteca
barbie
nieuws
demo2
i30
export
asian
phorum
adm
marketing
ice
oc
badges
webdesign
oasis
cdn7
e8
apac
dspace
bus
tattoo
weekend
men
www.google
epg
montreal
pat
www.katalog
resources
mta
columbia
religion
smtp04
phd
acc
solution
investors
materials
bounce.r
whitelabel
ns110
desktop
wwwi
cdn-2
ucenter
projects
d5
request
apis
elgg
monitoring
il
ns46
url
wws
img30
cashier
dlc
om
vmail
pluton
sede
vs1
autodiscover
mx04
www.it
ns26
vps3
insurance
ab
www.store
intra
kampanj
paste
ns79
bilder
webtv
smtp3
webaccess
fw2
c2
spain
mu
discussion
ns31
ns64
cic
analytic
mailhost2
html
pad
torrent
mobility
legacy
nu
msa
films
s07
thomas
webhost
img6
cpanel1
now
voip
teacher
beta
nsk
notifications
mailrelay2
deportes
ai
gaming
poker
sandbox
25
webserver1
aws
money
anime
vcdn1
feeds
spanish
resim
enterprise
spi
www.math
plus
dav
10
statistik
mss
iris
renault
relay01
adult
mx01
eco
developers
i5
chel
spotted
piwik
ck
processor
addons
engine
spring
ebanking
customer
baike
16
lyncdiscoverinternal
lc
kw
nnov
ns43
neptun
your
hk1
synergy
etp
eservice
ep
th
musica
clients1
mercurio
program
homepage
ni
service2
mx3
ip-mx
mms
s26
selfcare
2009
svr
futbol
kaliningrad
girls
voyage
template
a2
gazeta
hbbtv
ns83
dh
comics
bayi
www.images
paris
zeus
foro
ns117
tyumen
click.email
mailservice
foto
n2
cookie
www15
arm
sis
can
expert
servedby
mail20
adfs
gemini
mailb
redir
vr
bookmarks
darwin
www.astro
ews
gate2
recipes
ads1
quotes
zoo
bp
confluence
www.tribunale
b2b
pns
dizcdn
gif
vd
www.chat
wholesale
rn
ns128
serveur
mailman
cu
fsi
shops
ox-i
cultura
cap
turismo
content6
germany
ecommerce
editorial
simg
condor
ha
e15
eas
repos
rsm
53
justice
bn
static2
s10
5
linux1
features
enter
g3
expo
555rv
mailgate1
postman
svn
iloapp
www.galeria
thumb
yardim
rpg
name1
vancouver
mail15
ts1
www.fr
e7
ntp1
42
lynx
cdn6
somni
bounce.news
26uuu
webcams
stratum
stream2
smolensk
firenze
mx21
host2
magazin
gmx
ota
cdneu
pos
tr2
hs
dota2
ww41
promo
lamp
recursos
www.business
vladimir
vm01
subscription
locator
ic
ns202
d6
topsites
biz
pollux
dengi
cart
downloadv
ts3
total
www.vip
vip3
eu2
um
banking
contest
img31
astrakhan
mail9
models
consultant
server13
production
media1
annuaire
mx03
ns25
inter
ns52
vps2
nk
az
cosmo
ncsoft.jp.account
photography
selfservice
smtp4
pes
blogit
cancer
tcdn01
mt
extras
blogi
rc
iq
consulting
_ldap._tcp.dc._msdcs
build
c5
informatica
myweb
university
www.us
ns63
cloud2
imagens
estaticos02
notification
s8
talent
orenburg
education
istanbul
stargate
europe
diary
img5
img17
wa
mail7
dns10
ww7
communications
dn
gorod
www.search
www.sony
query
customs
login2
err
dns12
22
mb
autodiscover-redirect
ah
so
hosting1
ns74
raovat
leads
dashboard
sph
servis
donate
portale
b.ns
banner
praca
obit
clubs
mentor
premium
sda
volkswagen
chem
classifieds
spotplatform
weightloss
mta-wk-1.mk0
fs1
img0
leiden
discovery
kantoor
images6
sevastopol
static8
nod
sq
www.es
rdns
video2
15
c.ns
stash
astrology
depo
anna
empleo
portals
www28
lavoro
reisen
ti
dns-1
o2.email
staging
server3
unsubscribe
mailserver1
mx2
express
kms
testsite
telecom
shared
archiv
www.despegar
www01
vw
cover
www.wiki
artemis
elo
mmgp.ru
a1
i8
static6
load
horus
mailsecurity
sacramento
gu
win2
osiris
image.email
images5
tea
www.social
web8
standard
photoshop
www.directory
lounge
cloud
configurator
pictures
n3
launcher
onlinebackup
reviews
vega
ns116
malaysia
app3
www.gis
uranus
vdi
best
imap
authsmtp
weddings
maila
arthur
b2c
editor
colombia
ve
gate1
styles
dns7
prime
freebsd
apt
mobile2
ns129
www23
uralsk
lipetsk
sankt-peterburg
ski
tcdn04
mail30
files4
web6
ue
www.72
team
101
hb
www.travel
ns08
spam3
mail-in
s11
everest
correo1
g2
elearning
mailings
tema
mta4
testing
sdns
www.de
2ch
hosting4
stm
xn--l1adgmc
www.global
e6
t2
pbx
cdn5
img14
w-i-l-d-c-a-r-d
ww4
_ldap._tcp.pdc._msdcs
www.gallery
cloudfront
mel
pluto
clan
dls
mx20
ox-d
www.edu
wolf
img09
static02
target
365
ns-1
e18
ww17
sig
ht
leto
saglik
gateway2
pm
mailfilter2
ib
fms
tags
ns40
hub
render
www6
imgs
www.t
cis
join
tracker
mail8
case
e11
industry
insight
src
console
lyncweb
advert
mx02
ns24
dublin
ns53
aff
api2
packages
2fwww
yemek
img32
watch
film
devel
mailserv
angel
pre
beheer
ads3
smtp5
publishing
dtm
big
nsd
atlanta
argentina
f.e
c4
kazan
ns62
servicios
bookmark
metro
hotel
oas
italian
comments
dc2
pix
ranking
fb
mobi
b4
cns
ns33
www.up
phoenix
podcast
pages
opt
dev
sentry
webservice
virtual
mail6
server9
future
222
websearch
scs
yoga
img4
journal
23
dns13
inform
vcdn3
jaguar
ns75
ao
messages
smx9
parking
eski
teachers
dat
snap
explore
xz
codex
secure
_dmarc
smtp-1
reservations
mailcleaner
themes
ny
dns22
warszawa
taobao
emails
agenda
webapp
gz
listen
suppliers
noc
resizer
echo
static9
chi
js2
newsletter
geek
chaos
live1
discussions
www.cse
psychology
mirror
oss
magnitogorsk
spiele
forum1
www.nl
hawaii
stage
aula
partner
focus
im1
st5
webstore
mailfilter
failover
no
development
vns2
tj
mailserver2
nyhetsbrev
subscriber
a0
toyota
diablo
ci
retail
thesis
tomsk
static7
kostroma
ns123
www.cn
tango
tor
jokes
pushmail
web9
www.en
apply
kemerovo
agora
epost
mai
utils
oascentral
ns98
ns111
fang
ls
tablet
e-learning
canit
app2
sorucevap
cdns
poczta
kids
www.portal
dns0
mssql
yes
device
ankara
flux
washington
ns102
theme
alpha
rooster
serv1
eposta
redmine
smf
s05
mediatheque
rl
guides
oud
p9
www22
wikis
chile
lisa
mail31
node1
wordpress.com
news.google
ns133
hongkong
wwwl
download1
100
ns32
mp3
edicola
actie
u2
ns96
s12
splash
hc
learning
webcast
cargo
yayin
monitor
gta
mailgate3
ww38
animals
static10
napoli
filter2
www.img
ias
update2
shanghai
clients1.google
img15
cdn4
sims
ns41
e5
smp
ns124
rz
stl
professional
cuda
zs
repdata
img08
bob
e19
mx100
correu
mersin
platform
italy
brain
pn
haber
cdn-1
vologda
db1
smtp02
mx30
circulars
bit
ia
www.guestbook
diskuse
www.s
mk0
fm
ecology
lombardia
tiles
tfs
survey
on
wvw
rides
bosch
ns50
mtalk.google.com
2233b
img33
dl
mx14
a.mx
vast
viajes
smtp6
arch
s22
locations
homepages
programs
slave
gallys
isatap
c7
atv
touch
suche
www.news
customers
cts
hit
winter
resimler
trac
varnish
provisioning
cimg
mxav2
ua
creative
checkip
ns61
www.a
ops
asmtp
science
ivanovo
mail5
aps
dom
cns2
www.cs
purchase
virgo
idea
ns29
preprod
img3
loyalty
powiat
lic
sell
manga
vcdn2
r3
fz
webserver2
aurora
secure1
3c
smtp8
an
pr
hamburg
topic
c9
erp
dist
nice
investor
baidu
webapps
jan
lyrics
hosting01
mailgw02
www.lib
try
peru
hentai
p2
formulieren
ums
dosya
boerse
deti
reservation
irc
galeri
genesis
tu
dns21
tuan
embed
rep
acm
ge
kaseya
www.forums
web-01
js1
next
img11
activesync
publisher
apps2
storm
st4
mainserver
boston
brian
betting
zmail
adana
keys
tk
itunes
workshop
sochi
secondary
blogspot
mobilemail
media2
nl
repositorio
www.eng
guardian
logging
static4
x2
gitlab
amateur
mon
ptr1
speedtest
joker
mango
charlotte
heroes
int
dk
jet
ns99
rts
pixel
listas
2011
iw
careers
install-cdn
app1
volvo
if
server10
mapa
csi
hosting
www10
barcelona
turbo
israel
teen
sbs
philips
legal
rad
vk
serv2
ns103
openapi
dds
avis
vhosts
esp
s04
ocs
smtp-in
communaute
vps01
moscow
www21
images.cdn
www.gtm
pioneer
widgets
anal
mib
mail32
rm
web4
www.music
smg
zufang
content3
wall
50
download2
webvpn
mailhub
big5
cas
poll
push1
rotterdam
profile
mobiel
ei
kultura
hd
www.vb
wwws
unsub
avia
shequ
qs
mailmx
eu1
to-linux
www.careers
schools
www.pt
collect
e29
country-vip
subscribe
dsp
tumblr
zp
manpower
e4
art
spotlight
life
pravo
spor
madrid
lenovo
ww11
cdn.static
estore
mailex
wwwa
www.audi
data1
epc
fhg
innovation
retracker
insights
v2
s32
tr1
ns42
tiempo
maintenance
www.seo
crimea
tim
ironport
clips
volga
filter01
fotos00
1c
mail10
www.new
data2
galeria
pki
cars
cdn9
img18
quran
cnc
e27
demos
profiles
mazda
drive
tips
wp
webext
thumbs
cls
scores
srv5
sam
nsa
event
ovh
reporting
incoming
bmail
mx00
udp.connectionserver
pizza
contacts
k2
blogg
c6
gandalf
lit
pa
files2
graphics
smallbusiness
tecnologia
rds
safe
zabbix
translate.google
arsiv
era
arts
dns02
biblio
ns35
ns60
coupon
hosted
srv02
mail4
trauer
ruby
sony
directory
books.google
ns28
apache
img2
lenta
server4
adam
vcdn5
emb
kurs
relay1
ns77
stun
skoda
odin
techno
libra
eshop
mo
pic1
calendar
stc
style
c8
azure
dns11
www.spb
livesvc
career
www.tr
ns82
kariera
web11
securemail
fallback
mailgw01
woman
zimbra
agents
robin
mbox
dns20
soporte
saratov
www.freeones
action
gate
clientes
gd
redirect
advertising
groups
exch
poseidon
backup2
sr
ac
pop1
cyber
www.ads
st3
sps
olympus
recept
kurgan
filter
web02
bounce.newsletter
td
refer
credit
drm
klant
ns37
members
ww.w
gifts
pns2
a6
responsive
gegequ
nm
murmansk
www.web
verify
nameserver2
win1
coupons
iron
static5
bankingportal
www02
noticias
ntp
pogoda
smtpgw
community
pan
x3
etrn
bilet
jade
member1
ns113
oscar
alert
replay
ondemand
www11
push
cpan
libs
model
mx9
builder
ideas
gongyi

abuse
comic
ns100
velo
torrents
amc
arabic
international
s13
occasions
sharepoint
vstun.po0
forces
mijn
mws
bounce
speed
mail18
mic
web5
files1
passport
dsa
names
training
api
dts
ns78
www.www
content2
metrics
ns94
flv
firma
api1
madison
zen
myip
ptp
oauth
ocio
classes
ns76
_adsp._domainkey
www180
cp2
cmt
balancer
s14
www03
host3
www.sc
beacon
envios
yaroslavl
radyo
core
mirror2
dss
transport
oit
cq
kino
ns126
eos
mail19
ufo
thor
host6
ada
bsmtp
acs
m7
asset
e3
dloket
brand
hw
diabetes
photos2
static01
kh
mail04
student
server01
de2
empresas
suite
v3
webmail1
commons
gateway1
60
ns71
storage
math
wip
driver
seattle
library
cabinet
ns125
ig
backoffice
manuals
ace
move
img19
cdn8
cb
bitcoin
mk2
e26
planet
sale
nsx
abakan
diendan
srv4
ip1
screenshots
ns56
north
pandora
ex1
www.my
bounce.e
kiosk
mailgw
araba
ana
camping
di
ns16
www.shell
fa
mx10
ns36
chinese
lite
donetsk
youjizz
node
bmx
tamil
lp1
exports
albert
img1
sohbet
lcs
icon
galileo
talk
turkish
vcdn4
al
pt
horo
browser
bounce.mail
elektro
newsite
ratings
pic2
obs
seal
dns16
forge
r1
mdm
t4.answers
osc
fw
extreme
miami
spamtitan
ekb
gestion
www.wip
showroom
tcp.connectionserver
boards
dutch
media4
cheboksary
ns38
lyncdiscover
peugeot
cook
images02
friv
eden
track
andrew
questions
hsbc
hybrid
b2
hermes2
19
kz
brasil
upd
werkplek
activation
geology
nsb
imgcdn
muzik
ftp1
campaigns
cinema
st2
www.support
rewards
ayuda
backstage
fr2
toshiba
forum2
www.uk
consumer
ironport1
canvas
te
correoweb
ns104
server7
atlantis
www.blog
display
mta7
kerio
www.site
pns1
compass
relais
sbc
reality
mta-wk-0.mk2
webmaster
01
mebel
livechat
www.health
inspire
forumas
www.foro
wildcard
assets1
a5
budget
kl
tmg
cdn11
voyager
insite
offerte
x4
foundation
ns112
movil
bulgaria
medias
khms1
servidor
json
fred
lemon
banners
arcade
web001
inbox
netherlands
cac
mx8
nats
www.community
market
clasificados
tongji
lync
archive
smtp-relay
wms
h1
news2
smtp-01
jocuri
kaluga
www.provincia
servizi
cast
hls
memo
mk1
vi
releases
minisite
ns101
sftp
techblog
promos
web2
yum
ns92
bank
roosters
ww45
ns95
giving
ms1
dave
biznes
eg
hf
gaia
ns130
s39
openx
mkt
cp1
irkutsk
s15
resource
mapy
games2
mail29
yx
oldblog
orbit
mr2
w5
filter1
plan
toegang
communities
sms
mirror1
menu
vestibular
specials
realtime
act
www.mail
vms
epaper
m6
ww0
e2
klanten
chicago
hera
alan
comwww
mail07
abonnement
autos
prod
img05
destek
ns65
toronto
ion
edge
vladivostok
impact
yoda
www.board
lifestyle
blackboard
edicoladigitale
cdn-4
nospam1
mailproxy
smtp13
topthumbs
cluster1
gk
mailscanner
www.blogs
icp
viewer
rw
mk3
kiev
iframe
origin.www
us4
sslvpn
www.abb
mta-wk-3.mk1
realty
tvmag
spam1
media01
devices
ns57
torino
bookings
wr
marry
adidas
isearch
iptv
adsl
mail-2
icons
private
board
helios
auevs
ns17
ero
edi
ats
masters
krasnoyarsk
loja
mx11
mailgate01
catalogo
post2
ukraine
w-i-l-d-c-a-r-d.w-i-l-d-c-a-r-d
auctions
trading
pilot
bounces
lp2
cns1
smtp7
mailin2
mxav1
estaticos
imageserver
ict
skola
www.au
smtp-out
fox
polaris
rs2
cdn01
404
triton
rec
mario
www.meteo
relay3
avto
www.inf
terminal
mailscan1
parts
serwis
secure2
mailrelay
pomoc
enews
web10
wizard
kurumsal
spc
pkr
sub
phobos
mexico
scoop
eris
ns51
ns39
marketplace
media5
correio
fr1
blue
images03
vserver
ns00
launch
catalogue
tutorials
www.dev
stavropol
b3
content1
paypal
satis
dt
taxi
mta0
18
ng
webboard
outdoor
horizon
klub
www.bmw
dan
aim
property
pdns2
lnx
qr
album
webportal
server6
alum
ns105
s40
st1
doctor
emma
oyun
assets
nc
holidays
_policy._domainkey
vb
emailsecurity
vcdn10
descargas
tieba
areariservata
psp
gp
catalogus
auth2
assets0
termine
a4
static3
elb
stor
www.gov
jizzhut
cdn1.media
cydia
sustainability
redtube
loket
x5
kyle
cup
soap
khms0
xmpp
webmasters
afisha
click.mail
n4
mf1
detroit
spamx
smtpmail
spamfilter
2012
forward
bulten
tube
lotto
mobil
ex
centos
fashion
performance
us1
h2
t.news
dealer
bz
ams
www26
comp
storefront
forums
web3
historia
cs1
apk
centos.mirror
ess
mta-wk-2.mk0
server14
covers
karriere
jabber
ms2
api3
click.e
mailout
parks
download.cdn
mia
tourism
www.gslb
s36
sharp
bns
silver
flights
fss
webapi
pers
autodiscoverredirect
s16
mailgate2
teddy
tesla
7
nova
cep
mam
wpad
ultra
navigator
w4
mediacenter
pegasus
ns120
node01
redirector
moskva
winkel
cartoon
bd
imgsrv
e1
ox
cr
ww1
ccs
m5
multimedia
mail06
navi
mail-gw
sigma
outbound
adc
reporter
bst
v1
richard
handball
66
51
img04
publish
ww12
res2
markets
yellowpages
affiliation
www.ha
ecs
ns151
ns86
s18
dev2
freemail
smtp12
bip
mbs
ym
gallery
vision
www9
mx40
ssp
homer
e24
register
cert
cd
drupal
mail-1
nac
supplier
cash
mta-wk-3.mk0
omsk
crm
sklep
cdn1.image
bot
find
v11
email1
rostov
jewelry
kitchen
serve
secret
pd
roma
emea
43
akamai
gw1
racing
sol
bravo
wb
surveys
toplist
www.m
franchise
payments
marketing.net
ik
discuss
sip1
catalog
as2
mgw
monster
ical
fan
mx12
mx1.mail
img06
heartbeat
webcam
_sipfederationtls._tcp
rs1
wo
file1
www.dhl
spirit
ims
ans2
chevrolet
don
comentarios
felix
local
signup
sip
ugc
politics
francais
3d
dns14
pv
relay2
ns72
www.games
www.tripadvisor
eclipse
spb
ml
abo
pic4
cnt
agriculture
_autodiscover._tcp
smetrics
sdk
isis
dl1
pac
insider
nr
errors
stream3
youtube
hotels
smtpa
create
web12
race
broker
bazar
websites
nuke
van
cpm
luna
mta1
www.admin
license
reseller
backend
butik
dam
auth
www.cms
imgtop
mailsvr
02kkk
official
syndication
sv1
tr3
pressroom
success
sniper
cam
server5
tienda
st0
agent
posta
naruto
labs
audio
webanalytics
ita
affiliate
www.confindustria
canada
oferplan
l2
mta-wk-0.mk0
dvd
smtp10
ns81
assets3
www.as
static0
i2
x6
perso
templates
jb
recherche
lis
orel
itc
i6
ns2a
reise
sy
edge1
key
plugins
3g
n5
61
flow
hobby
eur
www.wwf
linode
emploi
backup01
xmail
_ldap._tcp.default-first-site-name._sites.dc._msdcs
spectrum
www.finance
cse
www.online
english
forms
ns80
izhevsk
salon
sample
s21
clienti
ragusa
eng
arena
krasnodar
h3
german
www.service
vo
ns106
smc
ri
nullmx
eureka
vault
promociones
switch
porno
electronics
chat2
mir
sem
communication
nsa2
mailbackup
zigad
pts
avatar
lasvegas
webinar
s17
bi
habarovsk
project
ipm
wise
mailgateway2
mediaserver
www.sklep
eset
radius
dns9
w7
captcha
cdn.video
ns121
pittsburgh
opinion
emarketing
ajuda
portal2
jobs
m4
personal
guide
rg
f0
dsl
reader
mail01
mxs
rns2
webshop
host5
formacion
mailinbackup1
cuisine
img07
stockholm
v6
67
web05
sim
server02
mp4
tours
rabota
ressources
edmonton
preved
extension
mail27
moda
smtp11
bis
l1
magazines
comune
answers
www.foto
bloc
vodafone
jazz
sarah
ark
janus
assist
tcdn03
dev1
galerie
srv1
de1
ip2
jss
thailand
www8
barracuda
mailer
ns55
email2
mta-wk-3.mk3
scm
med
mrs
mgate
retro
lux
api.cerberoos3
showcase
voices
hyundai
ns48
smx12
edge01
static-cdn
ecom
tts
khabarovsk
30
works
ping
sip2
bcs
ns15
collector
nieuw
mail12
jira
eric
doska
ut
clip
mx13
fd
www.l
proxy1
rating
imp
mail0
cdn03
zh
chess
izmir
ulyanovsk
viva
www.bip
wn
bryansk
cds
www.love
dns15
popmail
voronezh
lin
cbs
www.top
ns73
pw
msp
vps1
ix
hosted-by
visa
oms
subs
soc
mn1
sweden
mailhost
hockey
reservas
conf
webfarm
admissions
smx7
frame
clk
ns02
filmy
msk
images01
www.secure
nieuwsbrief
john
steve
remont
spider
almaty
speedtest1
gtm1
toolbarqueries
mta2
knowledge
ag
estaticos00
dv
lan
parma
revista
novgorod
eps
orders
select
poster
mail-out
samsung
philadelphia
directorio
teens
gwmail
ironport2
develop
fans
rns1
eva
mgb
robot
visit
element
ch
content7
mta-wk-0.mk1
baza
panda
moje
salud
citroen
assets2
uploads
sante
static1
nutrition
atelier
backupmx
journals
e-mail
trinity
sx
ot
optout
mailgate
2014
tsp
sirius
universe
cdn02
butters
ev
bonus
oman
sunrise
p2p
media6
smtpin1
snowboard
note
informer
mx5
appstore
partners
s20
electrum
www.forum
router
registro
vl
dealers
restaurant
lego
www.groupon
p0
dubyuhdubyuhdubyuh
rules
moe
kc
portfolio
chita
pup
www.ru
inventory
australia
mail05
pda
images2
bible
ns119
amber
lk
server12
agency
charts
quiz
terra
argos
festival
wroclaw
thumbs1
ns90
archief
bsd
players
mailx
webmail2
smtp.mail
ed
se94se
ns23
2013
asa
w6
kat
medicine
result
ns58
bv
dns8
mailgateway1
more
psych
qmail
adserver
choice
pds
th2
gadgets
suggest
orion
bookstore
www.info
gen
m3
coop
odkl
stv
ns122
nieruchomosci
vhost
mail00
california
ww25
fonts
c10
mgw2
sex
oz
mobileapi
palermo
sipexternal
ies
v7
eulerian
domains
ttb
chelyabinsk
hardware
_kerberos._tcp.dc._msdcs
acces
vcdn8
optimus
km
falcon
samples
lighthouse
antalya
www.med
gatekeeper
e22
platinum
cf
spam
police
webservices
singapore
layout
opac
mail13
od
aka
pligg
accounts.google
calgary
www.um
wendy
e13
galleries
bologna
stop
cricket
mobileapps
host4
m2
cmail
telewerken
email3
simferopol
corporate
homes
immagini
anapixel
pf
chemistry
asset1
ws3
amsterdam
_minecraft._tcp
s0
mail-av
adserv
33
odessa
ns12
zarafa
eagle
lexus
wan
reference
id
relay02
utm
proxy2
nnovgorod
mail-01
lin2
taurus
konto
hoteles
daisy
swww
tds
privat
privacy
tile
tool
tver
box
portuguese
suporte
devblog
smtp-gw
listings
president
ns84
integration
uslugi
basket
compras
relay4
mail14
cache1
mail-server
avalon
bin
parenting
bursa
wsus
alfa
media0
owncloud
dl3
streams
app01
martin
galaxy
billing
www.radio
ns05
mxbackup
imagenes
cdnus
domino
belgium
profil
recruitment
tac
dp
libguides
puppet
thoughts
block
blog1
pdns1
kia
streaming
trader
gc
gfx
annunci
gaestebuch
joomla
fiat
its
ns97
formation
dw
si
jk
vacatures
mta3
r2
pastas
lambda
stream1
nexus
bcn
application
discuz
o2
immobilier
lines
smtp9
ben
ta
pool
bill
michael
trace
a9
photoblog
idp
studenti
beijing
images1
mk
cgi1
registration
ds1
phpbb
athletics
kp
inbound
anajs
irk
broadcast
top100
i0
13
cs3
da
kart
linda
korean
design
dm
nsauth1
promotions
cluster
node2
ts
ug
alexa
sns
revive
offers
blogsearch
farm
licensing
mx4
mars
s23
pliki
dms
kb
listes
building
psg
delhi
serv3
rostov-na-donu
blogue
pulse
h5
gamma
cpanel
mailnew
images3
www.history
mg1
servicos
www.chem
tracking
mid
dns6
casa
mein
howto
vegas
bugzilla
ns1.hosting
recipe
lt
ns91
seo
8
recrutement
mail25
thumbnail
oldsite
extranet
pskov
lists
hercules
ww31
region
cats
wine
fantasy
mining
th3
www.sport
bridge
tennis
kursk
wetter
psi
as1
re
ip3
rpl
os2
stu
claro
subscriptions
mat
columbus
french
www20
dns-www
ebook
www.econ
comunicacion
mailscan
e10
tx3
hl
met
www.mfa
studio
www.sos
mature
mail03
be
gay
cmc
ld
mail3
g4
v4
yellow
ipa
summer
gw2
d.ns
www.pl
www.strefabiznesu
dns18
ns54
image01
www.geo
reverse
_ep
rs
venus
mega
economy
nfs
fotos
t4
45
arkiv
spam2
argo
f2
ud
b.e
ws01
dna
announce
sso
activity
read
widget
uz
nss
www.in
orange
srv3
lb2
sedo
overdrive
you
dogs
antispam
s31
rover
pmx
socket
dictionary
mail-relay
t01
mta01
pg
prm
safety
articles
o1.email
experts
sos
mta.email
tb
httpwww
proxy3
nl1
32
fe-mn1
alaska
e12
ur
www.eset
houston
lin1
plesk
sgw
img16
image1
mtm
campus
ns22
clients
ns59
perm
miss
img34
maven
aw
download3
pagerank
portail
cards
5252b
www.stat
etu
pic3
opel
demo1
w3
req
ist
lion
www.wwww
dl4
ns49
park
smx1
mba
ads2
ipv4
popup
russian
ns04
supporto
athena
14
hydra
rdns1
sts
s29
forex
*
mobileapp
kariyer
greece
twilight
cruises
ldap
auth1
asterix
estaticos01
wireless
thumbnails
rac
zb
deloitte
posti
leerlingen
pol
sfilter
www.video
ae
csg
apollo
www12
mts
mta02
fotos02
marvel
31
web04
realestate
rms
interface
antispam1
lyncaccess
hits
bond
s19
contents
surf
bos
alerts
xa
webstats
konkurs
revistas
spark
tula
ja
assets4
ns-a
a8
mcb
tempo
wallpapers
ford
sz
boutique
response
ncsoft.jp.logix
i7
minsk
ns03
rainbow
mybb
mx-01
pass
commerce
vrn
backup-mx
newton
yeyelu
ps3
mirrors
mysite
www.wimdu
newsletters
edge2
server8
stream
auction
mx7
ofertas
landing
shield
www.br
utrecht
webchat
ws2
master
ncsoft.jp.login
ke
s9
ns85
publications
airport
mag
pdc
enigma
mg2
cs2
jo
images0
sanfrancisco
nauka
nsa1
discover
cookies
img01
joy
us3
mxb
nl2
telugu
canon
chat1
lu
bari
thumbs3
biology
s28
audit
pcptr
immo
rsc
merkur
www.newsletter
graph
archives
quote
dps
mail24
server21
turkey
developer
ssd
painel
ww3
ns108
www.michaelpage
sipfed
dl2
ershoufang
cv
rb
s03
extern
smr
bmw
pod
lg
courrier
host8
messagerie
minside
ssc
a10
dallas
astro
ibank
estadisticas
leden
leo
mail02
extra
mgw1
publicidad
rum
director
image.e
www.freelancer
v5
zakupki
ad1
applications
nospam
chart
etc
sipinternal
oferplan-imagenes
industrial
www.library
bc
www.comune
stb
mail11
mx2.mail
discourse
notizie
git
sozluk
t5
cdn2
sstats
img13
cooking
cx
e20
fotoalbum
uc
astana
marvin
srv2
trailers
sccm
smtp01
foorum
sib
38
rtm
audi
gestionale
econ
img22
scholar
topics
elite
architecture
smail
wss
fw1
io
css2
ns45
mailgw2
findnsave
mz
i9
webwinkel
vt
archivio
ns69
webadmin
35
viaggi
diet
opendata
luxury
paul
airsoft
obelix
inc
catania
ns21
shouji
cps
rnd
mxmail
dem
ogloszenia
ref
smtp0
jerry
toys
saas
comet
playground
simon
mx07
c1
28
mh
myblog
sm1
payment
rtb
support2
dl5
accessories
smx2
xs
spf
vm1
italia
nms
mailhost1
checkin
cdn10
ouders
ul
ns67
cpa
animal
mailer1
des
www.ww
liberty
bibliotek
ext
nv
webradio
words
vid
issues
as3
nissan
yc
img9
engels
nick
nat
www13
toolbox
mta5
saturn
goto
65jjj
nemo
ns87
nokia
python
source
26
mf
libraries
lincoln
xe
demo3
nodes
lbs
tc
wwe
advertise
delta
opensource
p1
mailfw
ebay
ash
mfa
sitebuilder
seed
stores
mmo
epson
novosibirsk
cname
www.raileurope
pets
avatars
results
tumen
mail.cs
zip
ghs
presse
dc
smarthost
otrs
srv10
mumbai
11
ryazan
mit
katalog
tcdn02
mta-wk-2.mk1
merlin
filer
partner-ts
mapi
ntp2
bib
www18
www.law
smtp-mx
mailgateway
www.old
cams
belgorod
multics
s25
economia
jn
id.google
02
mailfoundry
ricette
p3
cms2
kundservice
vpn1
web20
nj
gutscheine
unity
stuff
mx6
obchod
smtprelay
spamwall
cdn-w
sifomedia
tui
awards
nolisting
mps
thuis
www.ee
nsp
smtpproxy1
mad
engineering
settings
barracuda01
eservices
whitepapers
mr1
mcp
www.english
liveupdate
lv
publishers
thumbs2
www.webmail
economics
www16
china
www.1
bu
dns5
david
cms
mail23
yar
notice
indir
students
i10
ns109
omni
reklama
webhosting
channels
72
www.physics
luntan
utopia
daniel
umail
s02
peter
tolyatti
interactive
www.education
cable
mx3.mail
zoeken
postoffice
node4
repository
barcode
mx-a
pim
m0
traveler
dns461
scripts
uae
zoom
www.bbs
ns93
rv
magento
match
adn
webcluster
philosophy
stats2
physics
img03
tutorial
oslo
eo
e16
hn
pref
ideal
fortimail
rank
4
jsn
mike
5c5c5c
qun
jpkc
primary
kevin
sas
panorama
mail16
hwww
dolphin
pineapp
tambov
logos
biblioteka
img10
gsm
outlet
f3
universal
ns44
sta
rssfeeds
ub
jquery
prov
click
podcasts
polls
omega
adx
adserving
bart
immobilien
meteo
www.home
trial
ww42
sic
images8
wx
baltimore
crystal
es1
e30
vstun
e21
bounce.email
espanol
hotspot
nginx
cache2
sites
cdn.th
pps
multi
soccer
w10
img21
reversemn1
